node,1,Spain,Europe
node,2,France,Europe
node,3,Holland,Europe
node,4,Italy,Europe
node,5,Denmark,Europe
node,6,Germany,Europe
node,7,Greece,Europe
node,8,England,UK
node,9,Ireland,UK
node,10,Norway,Scandinavia
node,11,Sweden,Scandinavia
node,12,Canada,NorthAmerica
node,13,US,NorthAmerica
node,14,Mexico,NorthAmerica
node,15,China,Asia
node,16,Japan,Asia
node,17,Indonesia,Asia
node,18,India,Asia
node,19,Vietnam,Asia
node,20,Laos,Asia
node,21,Nepal,Asia
node,22,Cambodia,Asia
node,23,Thailand,Asia
edge,1,2,land
edge,2,1,land
edge,1,4,land
edge,4,1,land
edge,2,3,land
edge,3,2,land
edge,2,4,land
edge,4,2,land
edge,2,6,land
edge,6,2,land
edge,3,5,land
edge,5,3,land
edge,3,8,water
edge,8,3,water
edge,3,6,land
edge,6,3,land
edge,4,6,land
edge,6,4,land
edge,4,7,land
edge,7,4,land
edge,5,6,land
edge,6,5,land
edge,5,15,water
edge,15,5,water
edge,6,7,land
edge,7,6,land
edge,7,18,water
edge,18,7,water
edge,8,9,land
edge,9,8,land
edge,9,10,water
edge,10,9,water
edge,10,11,land
edge,11,10,land
edge,11,12,water
edge,12,11,water
edge,11,15,water
edge,11,15,water
edge,12,13,land
edge,13,12,land
edge,13,14,land
edge,14,13,land
edge,14,17,water
edge,17,14,water
edge,15,16,land
edge,15,16,land
edge,16,20,land
edge,20,16,land
edge,16,19,land
edge,19,16,land
edge,16,18,land
edge,18,16,land
edge,17,20,land
edge,20,17,land
edge,18,19,land
edge,19,18,land
edge,18,21,land
edge,21,18,land
edge,19,20,land
edge,20,19,land
edge,19,21,land
edge,21,19,land
edge,19,22,land
edge,22,19,land
edge,19,23,land
edge,23,19,land
edge,20,23,lands
edge,23,20,land
edge,21,22,land
edge,22,21,land
edge,22,23,land
edge,23,22,land

